Archive member included to satisfy reference by file (symbol)

d:\lscc\propel\2024.2\sdk\riscv-none-embed-gcc\bin\../riscv-none-embed/picolibc/riscv-none-embed/lib/rv32imc/ilp32\libc.a(libc_stdlib_pico-exit.c.o)
                              ./src/i2c_program.o (exit)
d:\lscc\propel\2024.2\sdk\riscv-none-embed-gcc\bin\../riscv-none-embed/picolibc/riscv-none-embed/lib/rv32imc/ilp32\libc.a(libc_string_memcmp.c.o)
                              ./src/i2c_program.o (memcmp)
d:\lscc\propel\2024.2\sdk\riscv-none-embed-gcc\bin\../riscv-none-embed/picolibc/riscv-none-embed/lib/rv32imc/ilp32\libc.a(libc_tinystdio_printf.c.o)
                              ./src/bsp/driver/riscv_mc/interrupt.o (printf)
d:\lscc\propel\2024.2\sdk\riscv-none-embed-gcc\bin\../riscv-none-embed/picolibc/riscv-none-embed/lib/rv32imc/ilp32\libc.a(libc_tinystdio_puts.c.o)
                              ./src/i2c_program.o (puts)
d:\lscc\propel\2024.2\sdk\riscv-none-embed-gcc\bin\../riscv-none-embed/picolibc/riscv-none-embed/lib/rv32imc/ilp32\libc.a(libc_tinystdio_vfiprintf.c.o)
                              (__i_vfprintf)
d:\lscc\propel\2024.2\sdk\riscv-none-embed-gcc\bin\../riscv-none-embed/picolibc/riscv-none-embed/lib/rv32imc/ilp32\libc.a(libc_tinystdio_vfiscanf.c.o)
                              (__i_vfscanf)
d:\lscc\propel\2024.2\sdk\riscv-none-embed-gcc\bin\../riscv-none-embed/picolibc/riscv-none-embed/lib/rv32imc/ilp32\libc.a(memcpy.c.o)
                              ./src/i2c_program.o (memcpy)
d:\lscc\propel\2024.2\sdk\riscv-none-embed-gcc\bin\../riscv-none-embed/picolibc/riscv-none-embed/lib/rv32imc/ilp32\libc.a(memset.S.o)
                              d:\lscc\propel\2024.2\sdk\riscv-none-embed-gcc\bin\../riscv-none-embed/picolibc/riscv-none-embed/lib/rv32imc/ilp32\libc.a(libc_tinystdio_vfiscanf.c.o) (memset)
d:\lscc\propel\2024.2\sdk\riscv-none-embed-gcc\bin\../riscv-none-embed/picolibc/riscv-none-embed/lib/rv32imc/ilp32\libc.a(libc_misc_fini.c.o)
                              d:\lscc\propel\2024.2\sdk\riscv-none-embed-gcc\bin\../riscv-none-embed/picolibc/riscv-none-embed/lib/rv32imc/ilp32\libc.a(libc_stdlib_pico-exit.c.o) (__libc_fini_array)
d:\lscc\propel\2024.2\sdk\riscv-none-embed-gcc\bin\../riscv-none-embed/picolibc/riscv-none-embed/lib/rv32imc/ilp32\libc.a(libc_string_strchr.c.o)
                              d:\lscc\propel\2024.2\sdk\riscv-none-embed-gcc\bin\../riscv-none-embed/picolibc/riscv-none-embed/lib/rv32imc/ilp32\libc.a(libc_tinystdio_vfiscanf.c.o) (strchr)
d:\lscc\propel\2024.2\sdk\riscv-none-embed-gcc\bin\../riscv-none-embed/picolibc/riscv-none-embed/lib/rv32imc/ilp32\libc.a(libc_string_strnlen.c.o)
                              d:\lscc\propel\2024.2\sdk\riscv-none-embed-gcc\bin\../riscv-none-embed/picolibc/riscv-none-embed/lib/rv32imc/ilp32\libc.a(libc_tinystdio_vfiprintf.c.o) (strnlen)
d:\lscc\propel\2024.2\sdk\riscv-none-embed-gcc\bin\../riscv-none-embed/picolibc/riscv-none-embed/lib/rv32imc/ilp32\libc.a(libc_tinystdio_fgetc.c.o)
                              d:\lscc\propel\2024.2\sdk\riscv-none-embed-gcc\bin\../riscv-none-embed/picolibc/riscv-none-embed/lib/rv32imc/ilp32\libc.a(libc_tinystdio_vfiscanf.c.o) (fgetc)
d:\lscc\propel\2024.2\sdk\riscv-none-embed-gcc\bin\../riscv-none-embed/picolibc/riscv-none-embed/lib/rv32imc/ilp32\libc.a(libc_tinystdio_fputc.c.o)
                              d:\lscc\propel\2024.2\sdk\riscv-none-embed-gcc\bin\../riscv-none-embed/picolibc/riscv-none-embed/lib/rv32imc/ilp32\libc.a(libc_tinystdio_vfiprintf.c.o) (fputc)
d:\lscc\propel\2024.2\sdk\riscv-none-embed-gcc\bin\../riscv-none-embed/picolibc/riscv-none-embed/lib/rv32imc/ilp32\libc.a(libc_tinystdio_ungetc.c.o)
                              d:\lscc\propel\2024.2\sdk\riscv-none-embed-gcc\bin\../riscv-none-embed/picolibc/riscv-none-embed/lib/rv32imc/ilp32\libc.a(libc_tinystdio_vfiscanf.c.o) (ungetc)
d:\lscc\propel\2024.2\sdk\riscv-none-embed-gcc\bin\../riscv-none-embed/picolibc/riscv-none-embed/lib/rv32imc/ilp32\libc.a(libc_tinystdio_exchange.c.o)
                              d:\lscc\propel\2024.2\sdk\riscv-none-embed-gcc\bin\../riscv-none-embed/picolibc/riscv-none-embed/lib/rv32imc/ilp32\libc.a(libc_tinystdio_fgetc.c.o) (__atomic_exchange_ungetc)
d:\lscc\propel\2024.2\sdk\riscv-none-embed-gcc\bin\../riscv-none-embed/picolibc/riscv-none-embed/lib/rv32imc/ilp32\libc.a(libc_tinystdio_compare_exchange.c.o)
                              d:\lscc\propel\2024.2\sdk\riscv-none-embed-gcc\bin\../riscv-none-embed/picolibc/riscv-none-embed/lib/rv32imc/ilp32\libc.a(libc_tinystdio_ungetc.c.o) (__atomic_compare_exchange_ungetc)
d:/lscc/propel/2024.2/sdk/riscv-none-embed-gcc/bin/../lib/gcc/riscv-none-embed/10.2.0/rv32imc/ilp32\libgcc.a(save-restore.o)
                              d:\lscc\propel\2024.2\sdk\riscv-none-embed-gcc\bin\../riscv-none-embed/picolibc/riscv-none-embed/lib/rv32imc/ilp32\libc.a(libc_tinystdio_vfiprintf.c.o) (__riscv_save_12)

Discarded input sections

[...]
Memory Configuration

Name             Origin             Length             Attributes
sysmem0_inst     0x0000000000000000 0x000000000002a000 xrw
*default*        0x0000000000000000 0xffffffffffffffff

Linker script and memory map

                0x0000000000001ff4                vfprintf = __i_vfprintf
                0x0000000000000000                vfscanf = __i_vfscanf
LOAD ./src/bsp/driver/uart/uart.o
LOAD ./src/bsp/driver/spi_controller/spi_master.o
LOAD ./src/bsp/driver/riscv_mc/cache.o
LOAD ./src/bsp/driver/riscv_mc/crt0.o
LOAD ./src/bsp/driver/riscv_mc/exit.o
LOAD ./src/bsp/driver/riscv_mc/interrupt.o
LOAD ./src/bsp/driver/riscv_mc/iob.o
LOAD ./src/bsp/driver/riscv_mc/pic.o
LOAD ./src/bsp/driver/riscv_mc/reg_access.o
LOAD ./src/bsp/driver/riscv_mc/timer.o
LOAD ./src/bsp/driver/riscv_mc/util.o
LOAD ./src/bsp/driver/i2c_controller/i2c_master.o
LOAD ./src/bsp/driver/gpio/gpio.o
LOAD ./src/bsp/reg_test.o
LOAD ./src/data.o
LOAD ./src/i2c_program.o
LOAD ./src/main.o
LOAD ./src/utils.o
LOAD d:/lscc/propel/2024.2/sdk/riscv-none-embed-gcc/bin/../lib/gcc/riscv-none-embed/10.2.0/rv32imc/ilp32\libgcc.a
START GROUP
LOAD d:/lscc/propel/2024.2/sdk/riscv-none-embed-gcc/bin/../lib/gcc/riscv-none-embed/10.2.0/rv32imc/ilp32\libgcc.a
LOAD d:\lscc\propel\2024.2\sdk\riscv-none-embed-gcc\bin\../riscv-none-embed/picolibc/riscv-none-embed/lib/rv32imc/ilp32\libc.a
END GROUP
LOAD d:/lscc/propel/2024.2/sdk/riscv-none-embed-gcc/bin/../lib/gcc/riscv-none-embed/10.2.0/rv32imc/ilp32\libgcc.a
                0x0000000000000000                _HEAP_SIZE = DEFINED (_HEAP_SIZE)?_HEAP_SIZE:0x0
                0x0000000000000a00                _STACK_SIZE = DEFINED (_STACK_SIZE)?_STACK_SIZE:0xa00

.text           0x0000000000000000     0x2634
                0x0000000000000000                _ftext = .
                [!provide]                        PROVIDE (_sprof = .)
 *(SORT_BY_NAME(.crt*))
 .crt0          0x0000000000000000       0x90 ./src/bsp/driver/riscv_mc/crt0.o
                0x0000000000000000                _start
                0x0000000000000010                trap_entry
 *(.text .text.* .gnu.linkonce.t.*)
 .text.uart_init
                0x0000000000000090       0x8a ./src/bsp/driver/uart/uart.o
                0x0000000000000090                uart_init
 .text.uart_putc
                0x000000000000011a       0x62 ./src/bsp/driver/uart/uart.o
                0x000000000000011a                uart_putc
 .text.spi_master_init
                0x000000000000017c       0x92 ./src/bsp/driver/spi_controller/spi_master.o
                0x000000000000017c                spi_master_init
 .text.spi_master_config
                0x000000000000020e      0x18e ./src/bsp/driver/spi_controller/spi_master.o
                0x000000000000020e                spi_master_config
 .text.spi_master_transfer_blocking
                0x000000000000039c      0x252 ./src/bsp/driver/spi_controller/spi_master.o
                0x000000000000039c                spi_master_transfer_blocking
 .text          0x00000000000005ee       0x42 ./src/bsp/driver/riscv_mc/crt0.o
 .text._exit    0x0000000000000630        0xc ./src/bsp/driver/riscv_mc/exit.o
                0x0000000000000630                _exit
 .text.irq_callback
                0x000000000000063c       0xbe ./src/bsp/driver/riscv_mc/interrupt.o
                0x000000000000063c                irq_callback
 .text.esr_callback
                0x00000000000006fa       0x44 ./src/bsp/driver/riscv_mc/interrupt.o
                0x00000000000006fa                esr_callback
 .text.iob_init
                0x000000000000073e       0x38 ./src/bsp/driver/riscv_mc/iob.o
                0x000000000000073e                iob_init
 .text.iob_putc
                0x0000000000000776       0x3c ./src/bsp/driver/riscv_mc/iob.o
 .text.iob_getc
                0x00000000000007b2       0x30 ./src/bsp/driver/riscv_mc/iob.o
 .text.iob_flush
                0x00000000000007e2       0x30 ./src/bsp/driver/riscv_mc/iob.o
 .text.pic_int_clear
                0x0000000000000812       0x28 ./src/bsp/driver/riscv_mc/pic.o
                0x0000000000000812                pic_int_clear
 .text.pic_int_pending
                0x000000000000083a       0x3a ./src/bsp/driver/riscv_mc/pic.o
                0x000000000000083a                pic_int_pending
 .text.reg_32b_write
                0x0000000000000874       0x2a ./src/bsp/driver/riscv_mc/reg_access.o
                0x0000000000000874                reg_32b_write
 .text.reg_32b_read
                0x000000000000089e       0x2c ./src/bsp/driver/riscv_mc/reg_access.o
                0x000000000000089e                reg_32b_read
 .text.reg_32b_modify
                0x00000000000008ca       0x46 ./src/bsp/driver/riscv_mc/reg_access.o
                0x00000000000008ca                reg_32b_modify
 .text.reg_8b_write
                0x0000000000000910       0x2e ./src/bsp/driver/riscv_mc/reg_access.o
                0x0000000000000910                reg_8b_write
 .text.reg_8b_modify
                0x000000000000093e       0x74 ./src/bsp/driver/riscv_mc/reg_access.o
                0x000000000000093e                reg_8b_modify
 .text.reg_8b_read
                0x00000000000009b2       0x34 ./src/bsp/driver/riscv_mc/reg_access.o
                0x00000000000009b2                reg_8b_read
 .text.i2c_master_init
                0x00000000000009e6       0x54 ./src/bsp/driver/i2c_controller/i2c_master.o
                0x00000000000009e6                i2c_master_init
 .text.i2c_master_config
                0x0000000000000a3a       0xfc ./src/bsp/driver/i2c_controller/i2c_master.o
                0x0000000000000a3a                i2c_master_config
 .text.i2c_master_repeated_start
                0x0000000000000b36      0x40c ./src/bsp/driver/i2c_controller/i2c_master.o
                0x0000000000000b36                i2c_master_repeated_start
 .text.i2c_master_write
                0x0000000000000f42      0x286 ./src/bsp/driver/i2c_controller/i2c_master.o
                0x0000000000000f42                i2c_master_write
 .text.gpio_init
                0x00000000000011c8       0xd4 ./src/bsp/driver/gpio/gpio.o
                0x00000000000011c8                gpio_init
 .text.gpio_output_write
                0x000000000000129c       0x4e ./src/bsp/driver/gpio/gpio.o
                0x000000000000129c                gpio_output_write
 .text.i2c_isc_disable
                0x00000000000012ea       0x46 ./src/i2c_program.o
                0x00000000000012ea                i2c_isc_disable
 .text.i2c_program_done
                0x0000000000001330       0x4c ./src/i2c_program.o
                0x0000000000001330                i2c_program_done
 .text.i2c_lsc_init_address_XO3D
                0x000000000000137c       0xa6 ./src/i2c_program.o
                0x000000000000137c                i2c_lsc_init_address_XO3D
 .text.i2c_lsc_init_address_XO2_XO3
                0x0000000000001422       0x4c ./src/i2c_program.o
                0x0000000000001422                i2c_lsc_init_address_XO2_XO3
 .text.i2c_isc_erase_flash_XO3D
                0x000000000000146e       0xbe ./src/i2c_program.o
                0x000000000000146e                i2c_isc_erase_flash_XO3D
 .text.i2c_isc_erase_flash_XO2_XO3
                0x000000000000152c       0xa8 ./src/i2c_program.o
                0x000000000000152c                i2c_isc_erase_flash_XO2_XO3
 .text.i2c_isc_enable_flash_XO2_XO3
                0x00000000000015d4       0x50 ./src/i2c_program.o
                0x00000000000015d4                i2c_isc_enable_flash_XO2_XO3
 .text.i2c_sr_read
                0x0000000000001624       0x82 ./src/i2c_program.o
                0x0000000000001624                i2c_sr_read
 .text.i2c_isc_erase_sram
                0x00000000000016a6       0x4e ./src/i2c_program.o
                0x00000000000016a6                i2c_isc_erase_sram
 .text.i2c_isc_enable_sram
                0x00000000000016f4       0x4e ./src/i2c_program.o
                0x00000000000016f4                i2c_isc_enable_sram
 .text.i2c_device_id
                0x0000000000001742       0x82 ./src/i2c_program.o
                0x0000000000001742                i2c_device_id
 .text.i2c_flash_program_spiflash
                0x00000000000017c4      0x11e ./src/i2c_program.o
                0x00000000000017c4                i2c_flash_program_spiflash
 .text.i2c_flash_verify_spiflash
                0x00000000000018e2      0x138 ./src/i2c_program.o
                0x00000000000018e2                i2c_flash_verify_spiflash
 .text.i2c_program_XO2_XO3_spiflash
                0x0000000000001a1a      0x12c ./src/i2c_program.o
                0x0000000000001a1a                i2c_program_XO2_XO3_spiflash
 .text.i2c_program_XO3D_spiflash
                0x0000000000001b46      0x14a ./src/i2c_program.o
                0x0000000000001b46                i2c_program_XO3D_spiflash
 .text.spiflash_deviceid
                0x0000000000001c90       0x6a ./src/i2c_program.o
                0x0000000000001c90                spiflash_deviceid
 .text.lscc_uart_putc
                0x0000000000001cfa       0x5a ./src/main.o
 .text.lscc_uart_getc
                0x0000000000001d54       0x14 ./src/main.o
 .text.lscc_uart_flush
                0x0000000000001d68       0x14 ./src/main.o
 .text.main     0x0000000000001d7c      0x13c ./src/main.o
                0x0000000000001d7c                main
 .text.delayMS  0x0000000000001eb8       0x58 ./src/utils.o
                0x0000000000001eb8                delayMS
 .text.exit     0x0000000000001f10       0x1e d:\lscc\propel\2024.2\sdk\riscv-none-embed-gcc\bin\../riscv-none-embed/picolibc/riscv-none-embed/lib/rv32imc/ilp32\libc.a(libc_stdlib_pico-exit.c.o)
                0x0000000000001f10                exit
 .text.memcmp   0x0000000000001f2e       0x26 d:\lscc\propel\2024.2\sdk\riscv-none-embed-gcc\bin\../riscv-none-embed/picolibc/riscv-none-embed/lib/rv32imc/ilp32\libc.a(libc_string_memcmp.c.o)
                0x0000000000001f2e                memcmp
 .text.printf   0x0000000000001f54       0x26 d:\lscc\propel\2024.2\sdk\riscv-none-embed-gcc\bin\../riscv-none-embed/picolibc/riscv-none-embed/lib/rv32imc/ilp32\libc.a(libc_tinystdio_printf.c.o)
                0x0000000000001f54                printf
 .text.puts     0x0000000000001f7a       0x3c d:\lscc\propel\2024.2\sdk\riscv-none-embed-gcc\bin\../riscv-none-embed/picolibc/riscv-none-embed/lib/rv32imc/ilp32\libc.a(libc_tinystdio_puts.c.o)
                0x0000000000001f7a                puts
 .text.__ultoa_invert
                0x0000000000001fb6       0x3e d:\lscc\propel\2024.2\sdk\riscv-none-embed-gcc\bin\../riscv-none-embed/picolibc/riscv-none-embed/lib/rv32imc/ilp32\libc.a(libc_tinystdio_vfiprintf.c.o)
 .text.vfprintf
                0x0000000000001ff4      0x498 d:\lscc\propel\2024.2\sdk\riscv-none-embed-gcc\bin\../riscv-none-embed/picolibc/riscv-none-embed/lib/rv32imc/ilp32\libc.a(libc_tinystdio_vfiprintf.c.o)
                0x0000000000001ff4                __i_vfprintf
 .text.memcpy   0x000000000000248c       0xdc d:\lscc\propel\2024.2\sdk\riscv-none-embed-gcc\bin\../riscv-none-embed/picolibc/riscv-none-embed/lib/rv32imc/ilp32\libc.a(memcpy.c.o)
                0x000000000000248c                memcpy
 .text.__libc_fini_array
                0x0000000000002568       0x34 d:\lscc\propel\2024.2\sdk\riscv-none-embed-gcc\bin\../riscv-none-embed/picolibc/riscv-none-embed/lib/rv32imc/ilp32\libc.a(libc_misc_fini.c.o)
                0x0000000000002568                __libc_fini_array
 .text.strnlen  0x000000000000259c       0x18 d:\lscc\propel\2024.2\sdk\riscv-none-embed-gcc\bin\../riscv-none-embed/picolibc/riscv-none-embed/lib/rv32imc/ilp32\libc.a(libc_string_strnlen.c.o)
                0x000000000000259c                strnlen
 .text.fputc    0x00000000000025b4       0x20 d:\lscc\propel\2024.2\sdk\riscv-none-embed-gcc\bin\../riscv-none-embed/picolibc/riscv-none-embed/lib/rv32imc/ilp32\libc.a(libc_tinystdio_fputc.c.o)
                0x00000000000025b4                fputc
                0x00000000000025b4                putc
 .text          0x00000000000025d4       0x60 d:/lscc/propel/2024.2/sdk/riscv-none-embed-gcc/bin/../lib/gcc/riscv-none-embed/10.2.0/rv32imc/ilp32\libgcc.a(save-restore.o)
                0x00000000000025d4                __riscv_save_12
                0x00000000000025dc                __riscv_save_9
                0x00000000000025dc                __riscv_save_11
                0x00000000000025dc                __riscv_save_10
                0x00000000000025dc                __riscv_save_8
                0x00000000000025ea                __riscv_save_4
                0x00000000000025ea                __riscv_save_6
                0x00000000000025ea                __riscv_save_5
                0x00000000000025ea                __riscv_save_7
                0x0000000000002604                __riscv_save_3
                0x0000000000002604                __riscv_save_2
                0x0000000000002604                __riscv_save_1
                0x0000000000002604                __riscv_save_0
                0x0000000000002610                __riscv_restore_12
                0x0000000000002614                __riscv_restore_11
                0x0000000000002614                __riscv_restore_9
                0x0000000000002614                __riscv_restore_10
                0x0000000000002614                __riscv_restore_8
                0x000000000000261e                __riscv_restore_5
                0x000000000000261e                __riscv_restore_7
                0x000000000000261e                __riscv_restore_6
                0x000000000000261e                __riscv_restore_4
                0x0000000000002628                __riscv_restore_3
                0x0000000000002628                __riscv_restore_0
                0x0000000000002628                __riscv_restore_2
                0x0000000000002628                __riscv_restore_1
 *(.init)
 *(.fini)
                0x0000000000002634                . = ALIGN (0x4)
 *fill*         0x0000000000002634        0x0 
                0x0000000000002634                _etext = .

.gprof          0x0000000000002634        0x0
                [!provide]                        PROVIDE (_s_part_prof = .)
 *(.gprof)
                0x0000000000002634                . = ALIGN (0x4)
                [!provide]                        PROVIDE (_eprof = .)

.ctors          0x0000000000002634        0x0
                0x0000000000002634                _ctors_start = .
 *(.init_array*)
 *(SORT_BY_NAME(.ctors.*))
 *(.ctors)
                0x0000000000002634                . = ALIGN (0x4)
                0x0000000000002634                _ctors_end = .

.dtors          0x0000000000002634        0x0
                0x0000000000002634                _dtors_start = .
 *(SORT_BY_NAME(.dtors.*))
 *(.dtors)
                0x0000000000002634                . = ALIGN (0x4)

.rodata         0x0000000000002634      0x4a0
 *(.rdata)
 *(.rodata .rodata.*)
 .rodata        0x0000000000002634       0x32 ./src/bsp/driver/riscv_mc/interrupt.o
 *fill*         0x0000000000002666        0x2 
 .rodata.__iob  0x0000000000002668        0xc ./src/bsp/driver/riscv_mc/iob.o
                0x0000000000002668                __iob
 .rodata        0x0000000000002674      0x42a ./src/i2c_program.o
 *fill*         0x0000000000002a9e        0x2 
 .rodata        0x0000000000002aa0       0x24 ./src/main.o
 .rodata.str1.4
                0x0000000000002ac4       0x10 d:\lscc\propel\2024.2\sdk\riscv-none-embed-gcc\bin\../riscv-none-embed/picolibc/riscv-none-embed/lib/rv32imc/ilp32\libc.a(libc_tinystdio_vfiprintf.c.o)
 *(.gnu.linkonce.r.*)
                0x0000000000002ad4                . = ALIGN (0x4)

.rela.dyn       0x0000000000002ad4        0x0
 .rela.text     0x0000000000002ad4        0x0 ./src/bsp/driver/uart/uart.o
 .rela.text.exit
                0x0000000000002ad4        0x0 ./src/bsp/driver/uart/uart.o
 .rela.text.printf
                0x0000000000002ad4        0x0 ./src/bsp/driver/uart/uart.o
 .rela.text.puts
                0x0000000000002ad4        0x0 ./src/bsp/driver/uart/uart.o
 .rela.text.__libc_fini_array
                0x0000000000002ad4        0x0 ./src/bsp/driver/uart/uart.o

.data           0x0000000000002ad4       0x14
 *(.data .data.*)
 .data.__stdio  0x0000000000002ad4       0x14 ./src/bsp/driver/riscv_mc/iob.o
 *(.gnu.linkonce.d.*)
                0x0000000000002ae8                . = ALIGN (0x4)
                0x00000000000032e8                PROVIDE (__global_pointer$ = (. + 0x800))
 *(.sdata .sdata.*)
 *(.gnu.linkonce.s.*)
 *(.srodata.cst16)
 *(.srodata.cst8)
 *(.srodata.cst4)
 *(.srodata.cst2)
 *(.srodata .srodata.*)
                0x0000000000002ae8                . = ALIGN (0x4)

.bss            0x0000000000002ae8      0x17c
                0x0000000000002ae8                _bss_start = .
 *(.sbss*)
 .sbss.s_putc_func
                0x0000000000002ae8        0x4 ./src/bsp/driver/riscv_mc/iob.o
 .sbss.s_getc_func
                0x0000000000002aec        0x4 ./src/bsp/driver/riscv_mc/iob.o
 .sbss.s_flush_func
                0x0000000000002af0        0x4 ./src/bsp/driver/riscv_mc/iob.o
 .sbss.pic_dev  0x0000000000002af4        0x4 ./src/bsp/driver/riscv_mc/pic.o
                0x0000000000002af4                pic_dev
 *(.gnu.linkonce.sb.*)
 *(.bss .bss.*)
 .bss.int_table
                0x0000000000002af8       0x48 ./src/bsp/driver/riscv_mc/pic.o
                0x0000000000002af8                int_table
 .bss.gpio_test
                0x0000000000002b40       0x88 ./src/main.o
                0x0000000000002b40                gpio_test
 .bss.i2c_master_test
                0x0000000000002bc8       0x14 ./src/main.o
                0x0000000000002bc8                i2c_master_test
 .bss.uart_core_uart
                0x0000000000002bdc       0x58 ./src/main.o
                0x0000000000002bdc                uart_core_uart
 .bss.spi_master_test
                0x0000000000002c34       0x30 ./src/main.o
                0x0000000000002c34                spi_master_test
 *(.gnu.linkonce.b.*)
 *(COMMON)
                0x0000000000002c64                . = ALIGN (0x4)
                0x0000000000002c64                _bss_end = .

.heap           0x0000000000002c68        0x0
                [!provide]                        PROVIDE (_heap_start = .)
                [!provide]                        PROVIDE (__heap_start = .)
                0x0000000000002c68                . = (. + _HEAP_SIZE)
                0x0000000000002c68                . = ALIGN (0x8)
                [!provide]                        PROVIDE (_heap_end = .)
                [!provide]                        PROVIDE (__heap_end = .)

.stack          0x0000000000002c70      0xa00
                [!provide]                        PROVIDE (_stack_end = .)
                0x0000000000003670                . = (. + _STACK_SIZE)
 *fill*         0x0000000000002c70      0xa00 
                0x0000000000003670                . = ALIGN (0x10)
                0x0000000000003670                PROVIDE (_stack_start = .)
                [!provide]                        PROVIDE (_end = .)
                [!provide]                        PROVIDE (end = .)
OUTPUT(I2C_SPI_GPIO.elf elf32-littleriscv)

.debug_info     0x0000000000000000     0x319d
 .debug_info    0x0000000000000000      0x4c1 ./src/bsp/driver/uart/uart.o
 .debug_info    0x00000000000004c1      0x623 ./src/bsp/driver/spi_controller/spi_master.o
 .debug_info    0x0000000000000ae4       0x22 ./src/bsp/driver/riscv_mc/crt0.o
 .debug_info    0x0000000000000b06       0xa0 ./src/bsp/driver/riscv_mc/exit.o
 .debug_info    0x0000000000000ba6      0x1a6 ./src/bsp/driver/riscv_mc/interrupt.o
 .debug_info    0x0000000000000d4c      0x30d ./src/bsp/driver/riscv_mc/iob.o
 .debug_info    0x0000000000001059      0x36a ./src/bsp/driver/riscv_mc/pic.o
 .debug_info    0x00000000000013c3      0x2cc ./src/bsp/driver/riscv_mc/reg_access.o
 .debug_info    0x000000000000168f      0x47e ./src/bsp/driver/i2c_controller/i2c_master.o
 .debug_info    0x0000000000001b0d      0x266 ./src/bsp/driver/gpio/gpio.o
 .debug_info    0x0000000000001d73      0xca7 ./src/i2c_program.o
 .debug_info    0x0000000000002a1a      0x632 ./src/main.o
 .debug_info    0x000000000000304c      0x151 ./src/utils.o

.debug_abbrev   0x0000000000000000      0xe45
 .debug_abbrev  0x0000000000000000      0x147 ./src/bsp/driver/uart/uart.o
 .debug_abbrev  0x0000000000000147      0x1ae ./src/bsp/driver/spi_controller/spi_master.o
 .debug_abbrev  0x00000000000002f5       0x12 ./src/bsp/driver/riscv_mc/crt0.o
 .debug_abbrev  0x0000000000000307       0x5b ./src/bsp/driver/riscv_mc/exit.o
 .debug_abbrev  0x0000000000000362      0x137 ./src/bsp/driver/riscv_mc/interrupt.o
 .debug_abbrev  0x0000000000000499      0x14f ./src/bsp/driver/riscv_mc/iob.o
 .debug_abbrev  0x00000000000005e8      0x155 ./src/bsp/driver/riscv_mc/pic.o
 .debug_abbrev  0x000000000000073d       0x8e ./src/bsp/driver/riscv_mc/reg_access.o
 .debug_abbrev  0x00000000000007cb      0x161 ./src/bsp/driver/i2c_controller/i2c_master.o
 .debug_abbrev  0x000000000000092c      0x10b ./src/bsp/driver/gpio/gpio.o
 .debug_abbrev  0x0000000000000a37      0x174 ./src/i2c_program.o
 .debug_abbrev  0x0000000000000bab      0x1cd ./src/main.o
 .debug_abbrev  0x0000000000000d78       0xcd ./src/utils.o

.debug_aranges  0x0000000000000000      0x388
 .debug_aranges
                0x0000000000000000       0x40 ./src/bsp/driver/uart/uart.o
 .debug_aranges
                0x0000000000000040       0x50 ./src/bsp/driver/spi_controller/spi_master.o
 .debug_aranges
                0x0000000000000090       0x28 ./src/bsp/driver/riscv_mc/crt0.o
 .debug_aranges
                0x00000000000000b8       0x20 ./src/bsp/driver/riscv_mc/exit.o
 .debug_aranges
                0x00000000000000d8       0x28 ./src/bsp/driver/riscv_mc/interrupt.o
 .debug_aranges
                0x0000000000000100       0x38 ./src/bsp/driver/riscv_mc/iob.o
 .debug_aranges
                0x0000000000000138       0x60 ./src/bsp/driver/riscv_mc/pic.o
 .debug_aranges
                0x0000000000000198       0x58 ./src/bsp/driver/riscv_mc/reg_access.o
 .debug_aranges
                0x00000000000001f0       0x48 ./src/bsp/driver/i2c_controller/i2c_master.o
 .debug_aranges
                0x0000000000000238       0x38 ./src/bsp/driver/gpio/gpio.o
 .debug_aranges
                0x0000000000000270       0xc0 ./src/i2c_program.o
 .debug_aranges
                0x0000000000000330       0x38 ./src/main.o
 .debug_aranges
                0x0000000000000368       0x20 ./src/utils.o

.debug_ranges   0x0000000000000000      0x2c0
 .debug_ranges  0x0000000000000000       0x30 ./src/bsp/driver/uart/uart.o
 .debug_ranges  0x0000000000000030       0x40 ./src/bsp/driver/spi_controller/spi_master.o
 .debug_ranges  0x0000000000000070       0x20 ./src/bsp/driver/riscv_mc/crt0.o
 .debug_ranges  0x0000000000000090       0x10 ./src/bsp/driver/riscv_mc/exit.o
 .debug_ranges  0x00000000000000a0       0x18 ./src/bsp/driver/riscv_mc/interrupt.o
 .debug_ranges  0x00000000000000b8       0x28 ./src/bsp/driver/riscv_mc/iob.o
 .debug_ranges  0x00000000000000e0       0x50 ./src/bsp/driver/riscv_mc/pic.o
 .debug_ranges  0x0000000000000130       0x48 ./src/bsp/driver/riscv_mc/reg_access.o
 .debug_ranges  0x0000000000000178       0x38 ./src/bsp/driver/i2c_controller/i2c_master.o
 .debug_ranges  0x00000000000001b0       0x28 ./src/bsp/driver/gpio/gpio.o
 .debug_ranges  0x00000000000001d8       0xb0 ./src/i2c_program.o
 .debug_ranges  0x0000000000000288       0x28 ./src/main.o
 .debug_ranges  0x00000000000002b0       0x10 ./src/utils.o

.debug_macro    0x0000000000000000     0x3666
 .debug_macro   0x0000000000000000      0x182 ./src/bsp/driver/uart/uart.o
 .debug_macro   0x0000000000000182      0x778 ./src/bsp/driver/uart/uart.o
 .debug_macro   0x00000000000008fa      0x4c5 ./src/bsp/driver/uart/uart.o
 .debug_macro   0x0000000000000dbf       0x8e ./src/bsp/driver/uart/uart.o
 .debug_macro   0x0000000000000e4d       0x51 ./src/bsp/driver/uart/uart.o
 .debug_macro   0x0000000000000e9e      0x103 ./src/bsp/driver/uart/uart.o
 .debug_macro   0x0000000000000fa1       0x6a ./src/bsp/driver/uart/uart.o
 .debug_macro   0x000000000000100b      0x1df ./src/bsp/driver/uart/uart.o
 .debug_macro   0x00000000000011ea       0x22 ./src/bsp/driver/uart/uart.o
 .debug_macro   0x000000000000120c       0x52 ./src/bsp/driver/uart/uart.o
 .debug_macro   0x000000000000125e       0x35 ./src/bsp/driver/uart/uart.o
 .debug_macro   0x0000000000001293      0x201 ./src/bsp/driver/uart/uart.o
 .debug_macro   0x0000000000001494       0x3b ./src/bsp/driver/uart/uart.o
 .debug_macro   0x00000000000014cf       0x34 ./src/bsp/driver/uart/uart.o
 .debug_macro   0x0000000000001503       0x82 ./src/bsp/driver/uart/uart.o
 .debug_macro   0x0000000000001585      0x4cc ./src/bsp/driver/uart/uart.o
 .debug_macro   0x0000000000001a51       0x58 ./src/bsp/driver/uart/uart.o
 .debug_macro   0x0000000000001aa9       0x16 ./src/bsp/driver/uart/uart.o
 .debug_macro   0x0000000000001abf       0x97 ./src/bsp/driver/uart/uart.o
 .debug_macro   0x0000000000001b56       0x35 ./src/bsp/driver/uart/uart.o
 .debug_macro   0x0000000000001b8b       0x10 ./src/bsp/driver/uart/uart.o
 .debug_macro   0x0000000000001b9b       0x20 ./src/bsp/driver/uart/uart.o
 .debug_macro   0x0000000000001bbb       0xf9 ./src/bsp/driver/uart/uart.o
 .debug_macro   0x0000000000001cb4       0x8d ./src/bsp/driver/uart/uart.o
 .debug_macro   0x0000000000001d41      0x358 ./src/bsp/driver/uart/uart.o
 .debug_macro   0x0000000000002099      0x18b ./src/bsp/driver/spi_controller/spi_master.o
 .debug_macro   0x0000000000002224       0x6a ./src/bsp/driver/spi_controller/spi_master.o
 .debug_macro   0x000000000000228e      0x13c ./src/bsp/driver/spi_controller/spi_master.o
 .debug_macro   0x00000000000023ca      0x118 ./src/bsp/driver/riscv_mc/exit.o
 .debug_macro   0x00000000000024e2       0x94 ./src/bsp/driver/riscv_mc/exit.o
 .debug_macro   0x0000000000002576       0x57 ./src/bsp/driver/riscv_mc/exit.o
 .debug_macro   0x00000000000025cd      0x135 ./src/bsp/driver/riscv_mc/interrupt.o
 .debug_macro   0x0000000000002702       0x22 ./src/bsp/driver/riscv_mc/interrupt.o
 .debug_macro   0x0000000000002724      0x122 ./src/bsp/driver/riscv_mc/iob.o
 .debug_macro   0x0000000000002846      0x136 ./src/bsp/driver/riscv_mc/pic.o
 .debug_macro   0x000000000000297c       0x1b ./src/bsp/driver/riscv_mc/reg_access.o
 .debug_macro   0x0000000000002997       0xa5 ./src/bsp/driver/i2c_controller/i2c_master.o
 .debug_macro   0x0000000000002a3c       0x16 ./src/bsp/driver/i2c_controller/i2c_master.o
 .debug_macro   0x0000000000002a52      0x250 ./src/bsp/driver/i2c_controller/i2c_master.o
 .debug_macro   0x0000000000002ca2       0x10 ./src/bsp/driver/i2c_controller/i2c_master.o
 .debug_macro   0x0000000000002cb2       0xf4 ./src/bsp/driver/i2c_controller/i2c_master.o
 .debug_macro   0x0000000000002da6      0x174 ./src/bsp/driver/i2c_controller/i2c_master.o
 .debug_macro   0x0000000000002f1a       0x84 ./src/bsp/driver/gpio/gpio.o
 .debug_macro   0x0000000000002f9e       0x10 ./src/bsp/driver/gpio/gpio.o
 .debug_macro   0x0000000000002fae       0x46 ./src/bsp/driver/gpio/gpio.o
 .debug_macro   0x0000000000002ff4      0x221 ./src/i2c_program.o
 .debug_macro   0x0000000000003215       0x16 ./src/i2c_program.o
 .debug_macro   0x000000000000322b       0x2e ./src/i2c_program.o
 .debug_macro   0x0000000000003259       0x16 ./src/i2c_program.o
 .debug_macro   0x000000000000326f       0x70 ./src/i2c_program.o
 .debug_macro   0x00000000000032df       0x16 ./src/i2c_program.o
 .debug_macro   0x00000000000032f5       0x35 ./src/i2c_program.o
 .debug_macro   0x000000000000332a       0x16 ./src/i2c_program.o
 .debug_macro   0x0000000000003340       0x2f ./src/i2c_program.o
 .debug_macro   0x000000000000336f       0x16 ./src/i2c_program.o
 .debug_macro   0x0000000000003385      0x22d ./src/main.o
 .debug_macro   0x00000000000035b2       0x80 ./src/utils.o
 .debug_macro   0x0000000000003632       0x34 ./src/utils.o

.debug_line     0x0000000000000000     0x554a
 .debug_line    0x0000000000000000      0x736 ./src/bsp/driver/uart/uart.o
 .debug_line    0x0000000000000736      0xc58 ./src/bsp/driver/spi_controller/spi_master.o
 .debug_line    0x000000000000138e      0x1c2 ./src/bsp/driver/riscv_mc/crt0.o
 .debug_line    0x0000000000001550      0x2da ./src/bsp/driver/riscv_mc/exit.o
 .debug_line    0x000000000000182a      0x3d6 ./src/bsp/driver/riscv_mc/interrupt.o
 .debug_line    0x0000000000001c00      0x3ed ./src/bsp/driver/riscv_mc/iob.o
 .debug_line    0x0000000000001fed      0x5be ./src/bsp/driver/riscv_mc/pic.o
 .debug_line    0x00000000000025ab      0x246 ./src/bsp/driver/riscv_mc/reg_access.o
 .debug_line    0x00000000000027f1      0xf83 ./src/bsp/driver/i2c_controller/i2c_master.o
 .debug_line    0x0000000000003774      0x473 ./src/bsp/driver/gpio/gpio.o
 .debug_line    0x0000000000003be7      0xfd8 ./src/i2c_program.o
 .debug_line    0x0000000000004bbf      0x6ff ./src/main.o
 .debug_line    0x00000000000052be      0x28c ./src/utils.o

.debug_str      0x0000000000000000     0xa991
 .debug_str     0x0000000000000000     0x815a ./src/bsp/driver/uart/uart.o
                                       0x8441 (size before relaxing)
 .debug_str     0x000000000000815a      0xa8a ./src/bsp/driver/spi_controller/spi_master.o
                                       0x8be9 (size before relaxing)
 .debug_str     0x0000000000008be4       0x2e ./src/bsp/driver/riscv_mc/crt0.o
                                         0x7a (size before relaxing)
 .debug_str     0x0000000000008c12       0x28 ./src/bsp/driver/riscv_mc/exit.o
                                       0x8068 (size before relaxing)
 .debug_str     0x0000000000008c3a      0x144 ./src/bsp/driver/riscv_mc/interrupt.o
                                       0x6d81 (size before relaxing)
 .debug_str     0x0000000000008d7e       0xcc ./src/bsp/driver/riscv_mc/iob.o
                                       0x8173 (size before relaxing)
 .debug_str     0x0000000000008e4a       0xe7 ./src/bsp/driver/riscv_mc/pic.o
                                       0x6ddc (size before relaxing)
 .debug_str     0x0000000000008f31       0xda ./src/bsp/driver/riscv_mc/reg_access.o
                                       0x27cb (size before relaxing)
 .debug_str     0x000000000000900b     0x117d ./src/bsp/driver/i2c_controller/i2c_master.o
                                       0x5ca4 (size before relaxing)
 .debug_str     0x000000000000a188      0x204 ./src/bsp/driver/gpio/gpio.o
                                       0x4c9c (size before relaxing)
 .debug_str     0x000000000000a38c      0x504 ./src/i2c_program.o
                                       0x96d2 (size before relaxing)
 .debug_str     0x000000000000a890       0xb5 ./src/main.o
                                       0x954a (size before relaxing)
 .debug_str     0x000000000000a945       0x4c ./src/utils.o
                                       0x5419 (size before relaxing)

.comment        0x0000000000000000       0x33
 .comment       0x0000000000000000       0x33 ./src/bsp/driver/uart/uart.o
                                         0x34 (size before relaxing)
 .comment       0x0000000000000033       0x34 ./src/bsp/driver/spi_controller/spi_master.o
 .comment       0x0000000000000033       0x34 ./src/bsp/driver/riscv_mc/exit.o
 .comment       0x0000000000000033       0x34 ./src/bsp/driver/riscv_mc/interrupt.o
 .comment       0x0000000000000033       0x34 ./src/bsp/driver/riscv_mc/iob.o
 .comment       0x0000000000000033       0x34 ./src/bsp/driver/riscv_mc/pic.o
 .comment       0x0000000000000033       0x34 ./src/bsp/driver/riscv_mc/reg_access.o
 .comment       0x0000000000000033       0x34 ./src/bsp/driver/i2c_controller/i2c_master.o
 .comment       0x0000000000000033       0x34 ./src/bsp/driver/gpio/gpio.o
 .comment       0x0000000000000033       0x34 ./src/i2c_program.o
 .comment       0x0000000000000033       0x34 ./src/main.o
 .comment       0x0000000000000033       0x34 ./src/utils.o
 .comment       0x0000000000000033       0x34 d:\lscc\propel\2024.2\sdk\riscv-none-embed-gcc\bin\../riscv-none-embed/picolibc/riscv-none-embed/lib/rv32imc/ilp32\libc.a(libc_stdlib_pico-exit.c.o)
 .comment       0x0000000000000033       0x34 d:\lscc\propel\2024.2\sdk\riscv-none-embed-gcc\bin\../riscv-none-embed/picolibc/riscv-none-embed/lib/rv32imc/ilp32\libc.a(libc_string_memcmp.c.o)
 .comment       0x0000000000000033       0x34 d:\lscc\propel\2024.2\sdk\riscv-none-embed-gcc\bin\../riscv-none-embed/picolibc/riscv-none-embed/lib/rv32imc/ilp32\libc.a(libc_tinystdio_printf.c.o)
 .comment       0x0000000000000033       0x34 d:\lscc\propel\2024.2\sdk\riscv-none-embed-gcc\bin\../riscv-none-embed/picolibc/riscv-none-embed/lib/rv32imc/ilp32\libc.a(libc_tinystdio_puts.c.o)
 .comment       0x0000000000000033       0x34 d:\lscc\propel\2024.2\sdk\riscv-none-embed-gcc\bin\../riscv-none-embed/picolibc/riscv-none-embed/lib/rv32imc/ilp32\libc.a(libc_tinystdio_vfiprintf.c.o)
 .comment       0x0000000000000033       0x34 d:\lscc\propel\2024.2\sdk\riscv-none-embed-gcc\bin\../riscv-none-embed/picolibc/riscv-none-embed/lib/rv32imc/ilp32\libc.a(memcpy.c.o)
 .comment       0x0000000000000033       0x34 d:\lscc\propel\2024.2\sdk\riscv-none-embed-gcc\bin\../riscv-none-embed/picolibc/riscv-none-embed/lib/rv32imc/ilp32\libc.a(libc_misc_fini.c.o)
 .comment       0x0000000000000033       0x34 d:\lscc\propel\2024.2\sdk\riscv-none-embed-gcc\bin\../riscv-none-embed/picolibc/riscv-none-embed/lib/rv32imc/ilp32\libc.a(libc_string_strnlen.c.o)
 .comment       0x0000000000000033       0x34 d:\lscc\propel\2024.2\sdk\riscv-none-embed-gcc\bin\../riscv-none-embed/picolibc/riscv-none-embed/lib/rv32imc/ilp32\libc.a(libc_tinystdio_fputc.c.o)

.debug_frame    0x0000000000000000      0xb7c
 .debug_frame   0x0000000000000000       0xc4 ./src/bsp/driver/uart/uart.o
 .debug_frame   0x00000000000000c4      0x124 ./src/bsp/driver/spi_controller/spi_master.o
 .debug_frame   0x00000000000001e8       0x2c ./src/bsp/driver/riscv_mc/exit.o
 .debug_frame   0x0000000000000214       0x60 ./src/bsp/driver/riscv_mc/interrupt.o
 .debug_frame   0x0000000000000274       0xac ./src/bsp/driver/riscv_mc/iob.o
 .debug_frame   0x0000000000000320      0x158 ./src/bsp/driver/riscv_mc/pic.o
 .debug_frame   0x0000000000000478      0x130 ./src/bsp/driver/riscv_mc/reg_access.o
 .debug_frame   0x00000000000005a8       0xfc ./src/bsp/driver/i2c_controller/i2c_master.o
 .debug_frame   0x00000000000006a4       0xb0 ./src/bsp/driver/gpio/gpio.o
 .debug_frame   0x0000000000000754      0x358 ./src/i2c_program.o
 .debug_frame   0x0000000000000aac       0x9c ./src/main.o
 .debug_frame   0x0000000000000b48       0x34 ./src/utils.o
